// Jest Snapshot v1, https://goo.gl/fbAQLP

exports[`Renders correctly. 1`] = `
<body>
  <div>
    <div
      class="section-article"
    >
      <div
        class="header-wrapper"
      >
        <img
          alt="Article"
          src="IMG_0307.JPG"
        />
        <h1>
          <span>
            Sample title
            :
          </span>
           
          Here is a subtitle
        </h1>
      </div>
      <div
        class="content-wrapper"
      >
        <p>
          Sample intro
        </p>
        <div>
          <h2>
            <span>
              1
              . 
            </span>
            Set the scene.
          </h2>
          <p>
            Some sample content 1
          </p>
        </div>
        <div>
          <h2>
            Remove the personal.
          </h2>
          <p>
            Some sample content 2
          </p>
        </div>
      </div>
    </div>
  </div>
</body>
`;
